]0;~/Documents/Projects/DatacleaningEconomics[?1034hOwens-MacBook-Pro:DatacleaningEconomics owenflanagan$ ;s
bash: syntax error near unexpected token `;'
]0;~/Documents/Projects/DatacleaningEconomicsOwens-MacBook-Pro:DatacleaningEconomics owenflanagan$ ls
DatacleaningEconomics.Rproj
]0;~/Documents/Projects/DatacleaningEconomicsOwens-MacBook-Pro:DatacleaningEconomics owenflanagan$ pwd
/Users/owenflanagan/Documents/Projects/DatacleaningEconomics
]0;~/Documents/Projects/DatacleaningEconomicsOwens-MacBook-Pro:DatacleaningEconomics owenflanagan$ ls
DatacleaningEconomics.Rproj	the-economic-freedom-index.zip
]0;~/Documents/Projects/DatacleaningEconomicsOwens-MacBook-Pro:DatacleaningEconomics owenflanagan$ uniz[K[Kzip the-economic-freedom-index.zip 
Archive:  the-economic-freedom-index.zip
  inflating: economic_freedom_index2019_data.csv  
]0;~/Documents/Projects/DatacleaningEconomicsOwens-MacBook-Pro:DatacleaningEconomics owenflanagan$ ls
DatacleaningEconomics.Rproj		economic_freedom_index2019_data.csv	the-economic-freedom-index.zip
]0;~/Documents/Projects/DatacleaningEconomicsOwens-MacBook-Pro:DatacleaningEconomics owenflanagan$ rm the-economic-freedom-index.zip 
]0;~/Documents/Projects/DatacleaningEconomicsOwens-MacBook-Pro:DatacleaningEconomics owenflanagan$ chmod rw,rw,rw the[K[K[K[K[K[K[K[K[K[K[K[K[K[K[K[K[K[Kchmod {r[K[K+rwx economic_freedom_index2019_data.csv 
]0;~/Documents/Projects/DatacleaningEconomicsOwens-MacBook-Pro:DatacleaningEconomics owenflanagan$ ls
DatacleaningEconomics.Rproj		data.csv				economic_freedom_index2019_data.csv
]0;~/Documents/Projects/DatacleaningEconomicsOwens-MacBook-Pro:DatacleaningEconomics owenflanagan$ head data.csv 
name,index year,overall score,property rights,government integrity,judicial effectiveness,tax burden,government spending,fiscal health,business freedom,labor freedom,monetary freedom,trade freedom,investment freedom,financial freedom
Afghanistan,2019,51.5,19.6,25.2,29.6,91.7,80.3,99.3,49.2,60.4,76.7,66.0,10.0,10.0
Albania,2019,66.5,54.8,40.4,30.6,86.3,73.9,80.6,69.3,52.7,81.5,87.8,70.0,70.0
Algeria,2019,46.2,31.6,28.9,36.2,76.4,48.7,18.7,61.6,49.9,74.9,67.4,30.0,30.0
Angola,2019,50.6,35.9,20.5,26.6,83.9,80.7,58.2,55.7,58.8,55.4,61.2,30.0,40.0
Argentina,2019,52.2,47.8,33.5,44.5,69.3,49.5,33.0,56.4,46.9,60.2,70.0,55.0,60.0
Armenia,2019,67.7,57.2,38.6,46.3,84.7,79.0,53.0,78.3,71.4,77.8,80.8,75.0,70.0
Australia,2019,80.9,79.1,79.9,86.5,62.8,60.1,86.2,88.3,84.1,86.6,87.6,80.0,90.0
Austria,2019,72.0,84.2,77.4,71.3,50.5,24.5,85.5,74.9,68.7,81.5,86.0,90.0,70.0
Azerbaijan,2019,65.4,59.1,44.7,53.1,87.5,59.5,89.4,69.5,63.9,63.0,74.6,60.0,60.0
]0;~/Documents/Projects/DatacleaningEconomicsOwens-MacBook-Pro:DatacleaningEconomics owenflanagan$ head data.csv [K[K[K[K[K[K[K[K[K[K[K[K[K[Kmv data.csv 2018[K9.csv
]0;~/Documents/Projects/DatacleaningEconomicsOwens-MacBook-Pro:DatacleaningEconomics owenflanagan$ ls
2019.csv				DatacleaningEconomics.Rproj		economic_freedom_index2019_data.csv
]0;~/Documents/Projects/DatacleaningEconomicsOwens-MacBook-Pro:DatacleaningEconomics owenflanagan$ ls
2019.csv				economic_freedom
DatacleaningEconomics.Rproj		economic_freedom_index2019_data.csv
]0;~/Documents/Projects/DatacleaningEconomicsOwens-MacBook-Pro:DatacleaningEconomics owenflanagan$ mv 2018[K9.csv dat/[Ka/2019.csv
mv: rename 2019.csv to data/2019.csv: No such file or directory
]0;~/Documents/Projects/DatacleaningEconomicsOwens-MacBook-Pro:DatacleaningEconomics owenflanagan$ ls
2019.csv				economic_freedom
DatacleaningEconomics.Rproj		economic_freedom_index2019_data.csv
]0;~/Documents/Projects/DatacleaningEconomicsOwens-MacBook-Pro:DatacleaningEconomics owenflanagan$ lsmv 2019.csv data/2019.csv[1P/2019.csv[1P/2019.csv[1P/2019.csv[1P/2019.csve/2019.csvc/2019.csvo/2019.csvn/2019.csvomic_freedom/2019.csv
]0;~/Documents/Projects/DatacleaningEconomicsOwens-MacBook-Pro:DatacleaningEconomics owenflanagan$ ls
DatacleaningEconomics.Rproj		economic_freedom			economic_freedom_index2019_data.csv
]0;~/Documents/Projects/DatacleaningEconomicsOwens-MacBook-Pro:DatacleaningEconomics owenflanagan$ ls economic_freedom
2018.csv	2019.csv
]0;~/Documents/Projects/DatacleaningEconomicsOwens-MacBook-Pro:DatacleaningEconomics owenflanagan$ ls
DatacleaningEconomics.Rproj		economic_freedom			economic_freedom_index2019_data.csv
]0;~/Documents/Projects/DatacleaningEconomicsOwens-MacBook-Pro:DatacleaningEconomics owenflanagan$ ls economic_freedom
2017.csv		2018.csv		2019.csv		index2019_data.xls
]0;~/Documents/Projects/DatacleaningEconomicsOwens-MacBook-Pro:DatacleaningEconomics owenflanagan$ ls
DatacleaningEconomics.Rproj		economic_freedom_index2019_data.csv
economic_freedom			project.Rmd
]0;~/Documents/Projects/DatacleaningEconomicsOwens-MacBook-Pro:DatacleaningEconomics owenflanagan$ ls
DatacleaningEconomics.Rproj		economic_freedom_index2019_data.csv
economic_freedom			project.Rmd
]0;~/Documents/Projects/DatacleaningEconomicsOwens-MacBook-Pro:DatacleaningEconomics owenflanagan$ ls economic_freedom
2015.csv		2016.csv		2017.csv		2018.csv		2019.csv		index2019_data.xls
]0;~/Documents/Projects/DatacleaningEconomicsOwens-MacBook-Pro:DatacleaningEconomics owenflanagan$ ls economic_freedom
2005.csv		2008.csv		2011.csv		2014.csv		2017.csv		index2019_data.xls
2006.csv		2009.csv		2012.csv		2015.csv		2018.csv
2007.csv		2010.csv		2013.csv		2016.csv		2019.csv
]0;~/Documents/Projects/DatacleaningEconomicsOwens-MacBook-Pro:DatacleaningEconomics owenflanagan$ rm economic_freedomind[K[K[K/index2019_data.xls 
]0;~/Documents/Projects/DatacleaningEconomicsOwens-MacBook-Pro:DatacleaningEconomics owenflanagan$ ls
DatacleaningEconomics.Rproj		economic_freedom_index2019_data.csv
economic_freedom			project.Rmd
]0;~/Documents/Projects/DatacleaningEconomicsOwens-MacBook-Pro:DatacleaningEconomics owenflanagan$ ls economic_freedom
1995.csv	1998.csv	2001.csv	2004.csv	2007.csv	2010.csv	2013.csv	2016.csv	2019.csv
1996.csv	1999.csv	2002.csv	2005.csv	2008.csv	2011.csv	2014.csv	2017.csv
1997.csv	2000.csv	2003.csv	2006.csv	2009.csv	2012.csv	2015.csv	2018.csv
]0;~/Documents/Projects/DatacleaningEconomicsOwens-MacBook-Pro:DatacleaningEconomics owenflanagan$ [KOwens-MacBook-Pro:DatacleaningEconomics owenflanagan$ git init
Initialized empty Git repository in /Users/owenflanagan/Documents/Projects/DatacleaningEconomics/.git/
]0;~/Documents/Projects/DatacleaningEconomicsOwens-MacBook-Pro:DatacleaningEconomics owenflanagan$ git commit -am "initial commit"
On branch master

Initial commit

Untracked files:
	[31m.Rproj.user/[m
	[31mDatacleaningEconomics.Rproj[m
	[31meconomic_freedom/[m
	[31meconomic_freedom_index2019_data.csv[m
	[31mproject.Rmd[m
	[31mproject.md[m
	[31mproject_files/[m

nothing added to commit but untracked files present
]0;~/Documents/Projects/DatacleaningEconomicsOwens-MacBook-Pro:DatacleaningEconomics owenflanagan$ [KOwens-MacBook-Pro:DatacleaningEconomics owenflanagan$ [KOwens-MacBook-Pro:DatacleaningEconomics owenflanagan$ git stati[Kus
On branch master

No commits yet

Untracked files:
  (use "git add <file>..." to include in what will be committed)

	[31m.Rproj.user/[m
	[31mDatacleaningEconomics.Rproj[m
	[31meconomic_freedom/[m
	[31meconomic_freedom_index2019_data.csv[m
	[31mproject.Rmd[m
	[31mproject.md[m
	[31mproject_files/[m

nothing added to commit but untracked files present (use "git add" to track)
]0;~/Documents/Projects/DatacleaningEconomicsOwens-MacBook-Pro:DatacleaningEconomics owenflanagan$ git statuscommit -am "initial commit"
On branch master

Initial commit

Untracked files:
	[31m.Rproj.user/[m
	[31mDatacleaningEconomics.Rproj[m
	[31meconomic_freedom/[m
	[31meconomic_freedom_index2019_data.csv[m
	[31mproject.Rmd[m
	[31mproject.md[m
	[31mproject_files/[m

nothing added to commit but untracked files present
]0;~/Documents/Projects/DatacleaningEconomicsOwens-MacBook-Pro:DatacleaningEconomics owenflanagan$ git add .
]0;~/Documents/Projects/DatacleaningEconomicsOwens-MacBook-Pro:DatacleaningEconomics owenflanagan$ git add .commit -am "initial commit"
[master (root-commit) c1812db] initial commit
 65 files changed, 5925 insertions(+)
 create mode 100644 .Rproj.user/B533A319/console06/EF1B311C
 create mode 100644 .Rproj.user/B533A319/console06/EF1B311C.env
 create mode 100644 .Rproj.user/B533A319/console06/INDEX001
 create mode 100644 .Rproj.user/B533A319/sources/prop/AA784D61
 create mode 100644 .Rproj.user/B533A319/sources/prop/INDEX
 create mode 100644 .Rproj.user/B533A319/sources/s-CD9D7E75/158A09CD
 create mode 100644 .Rproj.user/B533A319/sources/s-CD9D7E75/158A09CD-contents
 create mode 100644 .Rproj.user/B533A319/sources/s-CD9D7E75/32172A5C
 create mode 100644 .Rproj.user/B533A319/sources/s-CD9D7E75/32172A5C-contents
 create mode 100644 .Rproj.user/B533A319/sources/s-CD9D7E75/58EABA42-contents
 create mode 100644 .Rproj.user/B533A319/sources/s-CD9D7E75/65811129-contents
 create mode 100644 .Rproj.user/B533A319/sources/s-CD9D7E75/87D48ED4
 create mode 100644 .Rproj.user/B533A319/sources/s-CD9D7E75/87D48ED4-contents
 create mode 100644 .Rproj.user/B533A319/sources/s-CD9D7E75/C8C83377-contents
 create mode 100644 .Rproj.user/B533A319/sources/s-CD9D7E75/E6E78FEE
 create mode 100644 .Rproj.user/B533A319/sources/s-CD9D7E75/E6E78FEE-contents
 create mode 100644 .Rproj.user/B533A319/sources/s-CD9D7E75/F44D69D1-contents
 create mode 100644 .Rproj.user/B533A319/sources/s-CD9D7E75/lock_file
 create mode 100644 .Rproj.user/shared/notebooks/F8562E84-project/1/B533A319CD9D7E75/chunks.json
 create mode 100644 .Rproj.user/shared/notebooks/F8562E84-project/1/s/c1jktverw3c1h/00000c.csv
 create mode 100644 .Rproj.user/shared/notebooks/F8562E84-project/1/s/c6nka6y513rig/000009.csv
 create mode 100644 .Rproj.user/shared/notebooks/F8562E84-project/1/s/c97farys6vv6a/000006.csv
 create mode 100644 .Rproj.user/shared/notebooks/F8562E84-project/1/s/ce8xod84ruxwi/00000a.metadata
 create mode 100644 .Rproj.user/shared/notebooks/F8562E84-project/1/s/ce8xod84ruxwi/00000a.png
 create mode 100644 .Rproj.user/shared/notebooks/F8562E84-project/1/s/ce8xod84ruxwi/00000a.snapshot
 create mode 100644 .Rproj.user/shared/notebooks/F8562E84-project/1/s/chunks.json
 create mode 100644 .Rproj.user/shared/notebooks/F8562E84-project/1/s/ci4cdyq2obnhm/000002.csv
 create mode 100644 .Rproj.user/shared/notebooks/F8562E84-project/1/s/ci4cdyq2obnhm/000003.metadata
 create mode 100644 .Rproj.user/shared/notebooks/F8562E84-project/1/s/ci4cdyq2obnhm/000003.rdf
 create mode 100644 .Rproj.user/shared/notebooks/F8562E84-project/1/s/ci4cdyq2obnhm/000004.csv
 create mode 100644 .Rproj.user/shared/notebooks/F8562E84-project/1/s/csetup_chunk/000002.csv
 create mode 100644 .Rproj.user/shared/notebooks/patch-chunk-names
 create mode 100644 .Rproj.user/shared/notebooks/paths
 create mode 100644 DatacleaningEconomics.Rproj
 create mode 100644 economic_freedom/.~lock.index2019_data.xls#
 create mode 100644 economic_freedom/1995.csv
 create mode 100644 economic_freedom/1996.csv
 create mode 100644 economic_freedom/1997.csv
 create mode 100644 economic_freedom/1998.csv
 create mode 100644 economic_freedom/1999.csv
 create mode 100644 economic_freedom/2000.csv
 create mode 100644 economic_freedom/2001.csv
 create mode 100644 economic_freedom/2002.csv
 create mode 100644 economic_freedom/2003.csv
 create mode 100644 economic_freedom/2004.csv
 create mode 100644 economic_freedom/2005.csv
 create mode 100644 economic_freedom/2006.csv
 create mode 100644 economic_freedom/2007.csv
 create mode 100644 economic_freedom/2008.csv
 create mode 100644 economic_freedom/2009.csv
 create mode 100644 economic_freedom/2010.csv
 create mode 100644 economic_freedom/2011.csv
 create mode 100644 economic_freedom/2012.csv
 create mode 100644 economic_freedom/2013.csv
 create mode 100644 economic_freedom/2014.csv
 create mode 100644 economic_freedom/2015.csv
 create mode 100644 economic_freedom/2016.csv
 create mode 100644 economic_freedom/2017.csv
 create mode 100644 economic_freedom/2018.csv
 create mode 100644 economic_freedom/2019.csv
 create mode 100755 economic_freedom_index2019_data.csv
 create mode 100644 project.Rmd
 create mode 100644 project.md
 create mode 100644 project_files/figure-markdown_github/unnamed-chunk-3-1.png
 create mode 100644 project_files/figure-markdown_github/unnamed-chunk-4-1.png
]0;~/Documents/Projects/DatacleaningEconomicsOwens-MacBook-Pro:DatacleaningEconomics owenflanagan$ git p[K[K[K[K[Kgit remote add origin https://github.com/OFlanagan/Economic-Cleaning.git
]0;~/Documents/Projects/DatacleaningEconomicsOwens-MacBook-Pro:DatacleaningEconomics owenflanagan$ git push -u origin master
fatal: cannot run rpostback-askpass: No such file or directory
Username for 'https://github.com': OFL lanagan
fatal: cannot run rpostback-askpass: No such file or directory
Password for 'https://OFlanagan@github.com': 
Counting objects: 80, done.
Delta compression using up to 4 threads.
Compressing objects:   1% (1/71)   Compressing objects:   2% (2/71)   Compressing objects:   4% (3/71)   Compressing objects:   5% (4/71)   Compressing objects:   7% (5/71)   Compressing objects:   8% (6/71)   Compressing objects:   9% (7/71)   Compressing objects:  11% (8/71)   Compressing objects:  12% (9/71)   Compressing objects:  14% (10/71)   Compressing objects:  15% (11/71)   Compressing objects:  16% (12/71)   Compressing objects:  18% (13/71)   Compressing objects:  19% (14/71)   Compressing objects:  21% (15/71)   Compressing objects:  22% (16/71)   Compressing objects:  23% (17/71)   Compressing objects:  25% (18/71)   Compressing objects:  26% (19/71)   Compressing objects:  28% (20/71)   Compressing objects:  29% (21/71)   Compressing objects:  30% (22/71)   Compressing objects:  32% (23/71)   Compressing objects:  33% (24/71)   Compressing objects:  35% (25/71)   Compressing objects:  36% (26/71)   Compressing objects:  38% (27/71)   Compressing objects:  39% (28/71)   Compressing objects:  40% (29/71)   Compressing objects:  42% (30/71)   Compressing objects:  43% (31/71)   Compressing objects:  45% (32/71)   Compressing objects:  46% (33/71)   Compressing objects:  47% (34/71)   Compressing objects:  49% (35/71)   Compressing objects:  50% (36/71)   Compressing objects:  52% (37/71)   Compressing objects:  53% (38/71)   Compressing objects:  54% (39/71)   Compressing objects:  56% (40/71)   Compressing objects:  57% (41/71)   Compressing objects:  59% (42/71)   Compressing objects:  60% (43/71)   Compressing objects:  61% (44/71)   Compressing objects:  63% (45/71)   Compressing objects:  64% (46/71)   Compressing objects:  66% (47/71)   Compressing objects:  67% (48/71)   Compressing objects:  69% (49/71)   Compressing objects:  70% (50/71)   Compressing objects:  71% (51/71)   Compressing objects:  73% (52/71)   Compressing objects:  74% (53/71)   Compressing objects:  76% (54/71)   Compressing objects:  77% (55/71)   Compressing objects:  78% (56/71)   Compressing objects:  80% (57/71)   Compressing objects:  81% (58/71)   Compressing objects:  83% (59/71)   Compressing objects:  84% (60/71)   Compressing objects:  85% (61/71)   Compressing objects:  87% (62/71)   Compressing objects:  88% (63/71)   Compressing objects:  90% (64/71)   Compressing objects:  91% (65/71)   Compressing objects:  92% (66/71)   Compressing objects:  94% (67/71)   Compressing objects:  95% (68/71)   Compressing objects:  97% (69/71)   Compressing objects:  98% (70/71)   Compressing objects: 100% (71/71)   Compressing objects: 100% (71/71), done.
Writing objects:   1% (1/80)   Writing objects:   2% (2/80)   Writing objects:   3% (3/80)   Writing objects:   5% (4/80)   Writing objects:   6% (5/80)   Writing objects:   7% (6/80)   Writing objects:   8% (7/80)   Writing objects:  10% (8/80)   Writing objects:  11% (9/80)   Writing objects:  12% (10/80)   Writing objects:  15% (12/80)   Writing objects:  16% (13/80)   Writing objects:  17% (14/80)   Writing objects:  18% (15/80)   Writing objects:  20% (16/80)   Writing objects:  21% (17/80)   Writing objects:  22% (18/80)   Writing objects:  23% (19/80)   Writing objects:  25% (20/80)   Writing objects:  26% (21/80)   Writing objects:  27% (22/80)   Writing objects:  28% (23/80)   Writing objects:  30% (24/80)   Writing objects:  31% (25/80)   Writing objects:  32% (26/80)   Writing objects:  33% (27/80)   Writing objects:  35% (28/80)   Writing objects:  36% (29/80)   Writing objects:  37% (30/80)   Writing objects:  38% (31/80)   Writing objects:  40% (32/80)   Writing objects:  41% (33/80)   Writing objects:  42% (34/80)   Writing objects:  43% (35/80)   Writing objects:  45% (36/80)   Writing objects:  46% (37/80)   Writing objects:  47% (38/80)   Writing objects:  48% (39/80)   Writing objects:  50% (40/80)   Writing objects:  51% (41/80)   Writing objects:  52% (42/80)   Writing objects:  53% (43/80)   Writing objects:  55% (44/80)   Writing objects:  56% (45/80)   Writing objects:  57% (46/80)   Writing objects:  58% (47/80)   Writing objects:  60% (48/80)   Writing objects:  61% (49/80)   Writing objects:  62% (50/80)   Writing objects:  63% (51/80)   Writing objects:  65% (52/80)   Writing objects:  66% (53/80)   Writing objects:  67% (54/80)   Writing objects:  68% (55/80)   Writing objects:  70% (56/80)   Writing objects:  71% (57/80)   Writing objects:  72% (58/80)   Writing objects:  73% (59/80)   Writing objects:  75% (60/80)   Writing objects:  76% (61/80)   Writing objects:  77% (62/80)   Writing objects:  78% (63/80)   Writing objects:  80% (64/80)   Writing objects:  81% (65/80)   Writing objects:  82% (66/80)   Writing objects:  83% (67/80)   Writing objects:  85% (68/80)   Writing objects:  86% (69/80)   Writing objects:  87% (70/80)   Writing objects:  88% (71/80)   Writing objects:  90% (72/80)   Writing objects:  91% (73/80)   Writing objects:  92% (74/80)   Writing objects:  93% (75/80)   Writing objects:  95% (76/80)   Writing objects:  96% (77/80)   Writing objects:  97% (78/80)   Writing objects:  98% (79/80)   Writing objects: 100% (80/80)   Writing objects: 100% (80/80), 633.51 KiB | 4.73 MiB/s, done.
Total 80 (delta 3), reused 0 (delta 0)
remote: Resolving deltas:   0% (0/3)   [Kremote: Resolving deltas:  33% (1/3)   [Kremote: Resolving deltas: 100% (3/3)   [Kremote: Resolving deltas: 100% (3/3), done.[K
To https://github.com/OFlanagan/Economic-Cleaning.git
 * [new branch]      master -> master
Branch 'master' set up to track remote branch 'master' from 'origin'.
]0;~/Documents/Projects/DatacleaningEconomicsOwens-MacBook-Pro:DatacleaningEconomics owenflanagan$ it remote add origin https://github.com/OFlanagan/Economic-Cleaning.git
bash: it: command not found
]0;~/Documents/Projects/DatacleaningEconomicsOwens-MacBook-Pro:DatacleaningEconomics owenflanagan$ git push -u origin master
]0;~/Documents/Projects/DatacleaningEconomicsOwens-MacBook-Pro:DatacleaningEconomics owenflanagan$ f[Kit remote add origin https://github.com/OFlanagan/Economic-Cleaning.git[C[C[C[C[C[C[C[C[C[C[C[C[C[C[C[C[C[C[C[C[C[C[C[C[C[C[C[C[C[C[C[C[C[C[C[C[C[C[C[C[C[C[C[C[C[C[C[C[C[C[C[C[C[C[46Pgit push -u origin masterit remote add origin https://github.com/OFlanagan/Economic-Cleaning.git[C[C[C[C[C[C[C[C[C[C[C[C[C[C[C[C[C[C[C[C[C[C[C[C[C[C[C[C[C[C[C[C[C[C[C[C[C[C[C[C[C[C[C[C[C[C[C[C[C[C[C[C[C[C[46Pgit push -u origin master
fatal: cannot run rpostback-askpass: No such file or directory
Username for 'https://github.com': OFlanagan
fatal: cannot run rpostback-askpass: No such file or directory
Password for 'https://OFlanagan@github.com': 
remote: Invalid username or password.
fatal: Authentication failed for 'https://github.com/OFlanagan/Economic-Cleaning.git/'
]0;~/Documents/Projects/DatacleaningEconomicsOwens-MacBook-Pro:DatacleaningEconomics owenflanagan$ git push -u origin master[K7brQLMc8uEazxxj[K√git push -u origin master
fatal: cannot run rpostback-askpass: No such file or directory
Username for 'https://github.com': OFlanagan
fatal: cannot run rpostback-askpass: No such file or directory
Password for 'https://OFlanagan@github.com': 
Branch 'master' set up to track remote branch 'master' from 'origin'.
Everything up-to-date
]0;~/Documents/Projects/DatacleaningEconomicsOwens-MacBook-Pro:DatacleaningEconomics owenflanagan$ git commit -am "added wbstats:[K"
